[31-Oct-2022 16:21:10 UTC] PHP Fatal error:  Cannot use Illuminate\Routing\Controller as Controller because the name is already in use in /home/sikerja/Modules/Formulir/Http/Controllers/KategoriController.php on line 9
[01-Nov-2022 10:45:08 UTC] PHP Fatal error:  Class Modules\Formulir\Entities\Kategori contains 1 abstract method and must therefore be declared abstract or implement the remaining methods (Modules\Formulir\Entities\Kategori::sluggable) in /home/sikerja/Modules/Formulir/Entities/Kategori.php on line 9
[01-Nov-2022 10:45:29 UTC] PHP Fatal error:  Class Modules\Formulir\Entities\Kategori contains 1 abstract method and must therefore be declared abstract or implement the remaining methods (Modules\Formulir\Entities\Kategori::sluggable) in /home/sikerja/Modules/Formulir/Entities/Kategori.php on line 9
[07-Nov-2022 15:32:51 UTC] PHP Fatal error:  Cannot redeclare Modules\Template\Http\Controllers\PermohonanController::post2() in /home/sikerja/Modules/Template/Http/Controllers/PermohonanController.php on line 77
[16-Nov-2022 07:06:28 UTC] PHP Fatal error:  Cannot redeclare Modules\Formulir\Entities\Permohonan::kategori() in /home/sikerja/Modules/Formulir/Entities/Permohonan.php on line 124
[16-Nov-2022 07:10:04 UTC] PHP Fatal error:  Cannot use isset() on the result of an expression (you can use "null !== expression" instead) in /home/sikerja/storage/framework/views/28a29999bdf076393ec629420a208a6474730789.php on line 11
[16-Nov-2022 07:10:24 UTC] PHP Fatal error:  Cannot use isset() on the result of an expression (you can use "null !== expression" instead) in /home/sikerja/storage/framework/views/28a29999bdf076393ec629420a208a6474730789.php on line 11
[16-Nov-2022 07:10:45 UTC] PHP Fatal error:  Cannot use isset() on the result of an expression (you can use "null !== expression" instead) in /home/sikerja/storage/framework/views/28a29999bdf076393ec629420a208a6474730789.php on line 11
[16-Nov-2022 08:14:22 UTC] PHP Fatal error:  Cannot redeclare Modules\Template\Http\Controllers\PermohonanController::createpost() in /home/sikerja/Modules/Template/Http/Controllers/PermohonanController.php on line 46
[16-Nov-2022 17:01:08 UTC] PHP Fatal error:  Cannot use Modules\Core\Entities\Histori as Histori because the name is already in use in /home/sikerja/Modules/Formulir/Http/Controllers/PermohonanController.php on line 10
[18-Nov-2022 08:14:51 UTC] PHP Fatal error:  Constant expression contains invalid operations in /home/sikerja/Modules/Core/Http/Controllers/PembahasanController.php on line 17
[18-Nov-2022 18:37:16 UTC] PHP Fatal error:  Cannot redeclare Modules\Template\Http\Controllers\TksdController::detail() in /home/sikerja/Modules/Template/Http/Controllers/TksdController.php on line 62
[19-Nov-2022 05:44:41 UTC] PHP Fatal error:  Cannot redeclare me() (previously declared in /home/sikerja/vendor/novay/nue/src/Helpers.php:13) in /home/sikerja/app/Helpers/Enterwind.php on line 16
[19-Nov-2022 06:47:46 UTC] PHP Fatal error:  Cannot use isset() on the result of an expression (you can use "null !== expression" instead) in /home/sikerja/storage/framework/views/6eee13364a26669a1ba545381a08cc86a64f7843.php on line 38
[19-Nov-2022 06:47:53 UTC] PHP Fatal error:  Cannot use isset() on the result of an expression (you can use "null !== expression" instead) in /home/sikerja/storage/framework/views/6eee13364a26669a1ba545381a08cc86a64f7843.php on line 38
[19-Nov-2022 07:11:27 UTC] PHP Fatal error:  Cannot use isset() on the result of an expression (you can use "null !== expression" instead) in /home/sikerja/storage/framework/views/6eee13364a26669a1ba545381a08cc86a64f7843.php on line 38
[21-Nov-2022 07:49:22 UTC] PHP Fatal error:  Cannot redeclare Modules\Template\Http\Controllers\PembahasanController::show() in /home/sikerja/Modules/Template/Http/Controllers/PembahasanController.php on line 87
[21-Nov-2022 08:02:57 UTC] PHP Fatal error:  Cannot use isset() on the result of an expression (you can use "null !== expression" instead) in /home/sikerja/storage/framework/views/ae83001b698e25488a6c168c5272ae61604a59fb.php on line 7
[21-Nov-2022 08:03:08 UTC] PHP Fatal error:  Cannot use isset() on the result of an expression (you can use "null !== expression" instead) in /home/sikerja/storage/framework/views/ae83001b698e25488a6c168c5272ae61604a59fb.php on line 7
[21-Nov-2022 08:03:21 UTC] PHP Fatal error:  Cannot use isset() on the result of an expression (you can use "null !== expression" instead) in /home/sikerja/storage/framework/views/ae83001b698e25488a6c168c5272ae61604a59fb.php on line 7
[21-Nov-2022 19:05:02 UTC] PHP Fatal error:  Cannot use Modules\Formulir\Entities\Permohonan as Permohonan because the name is already in use in /home/sikerja/Modules/Core/Http/Controllers/FileController.php on line 12
[28-Nov-2022 14:33:55 UTC] PHP Fatal error:  Cannot use Illuminate\Contracts\Support\Renderable as Renderable because the name is already in use in /home/sikerja/Modules/Template/Http/Controllers/PenjadwalanController.php on line 6
[29-Nov-2022 17:14:41 UTC] PHP Fatal error:  Cannot redeclare Modules\Formulir\Entities\Permohonan::permohonan() in /home/sikerja/Modules/Formulir/Entities/Permohonan.php on line 139
